16:54:49 **** Incremental Build of configuration Release for project DroneSTM ****
make -j2 all 
arm-none-eabi-g++ "../Core/Src/main.cpp" -mcpu=cortex-m3 -std=gnu++14 -DUSE_HAL_DRIVER -DSTM32F103xB -c -I../Core/Inc -I../Drivers/STM32F1xx_HAL_Driver/Inc -I../Drivers/STM32F1xx_HAL_Driver/Inc/Legacy -I../Drivers/CMSIS/Device/ST/STM32F1xx/Include -I../Drivers/CMSIS/Include -Os -ffunction-sections -fdata-sections -fno-exceptions -fno-rtti -fno-use-cxa-atexit -Wall -fstack-usage -fcyclomatic-complexity -MMD -MP -MF"Core/Src/main.d" -MT"Core/Src/main.o" --specs=nano.specs -mfloat-abi=soft -mthumb -o "Core/Src/main.o"
arm-none-eabi-g++ -o "DroneSTM.elf" @"objects.list"   -mcpu=cortex-m3 -T"C:\Users\Vital\Desktop\Drone_STM\DroneSTM\STM32F103C8TX_FLASH.ld" --specs=nosys.specs -Wl,-Map="DroneSTM.map" -Wl,--gc-sections -static --specs=nano.specs -mfloat-abi=soft -mthumb -u _printf_float -Wl,--start-group -lc -lm -lstdc++ -lsupc++ -Wl,--end-group
Finished building target: DroneSTM.elf
 
arm-none-eabi-size  DroneSTM.elf 
arm-none-eabi-objdump -h -S DroneSTM.elf  > "DroneSTM.list"
   text	   data	    bss	    dec	    hex	filename
  33296	    656	   3608	  37560	   92b8	DroneSTM.elf
Finished building: default.size.stdout
 
arm-none-eabi-objcopy  -O binary DroneSTM.elf  "DroneSTM.bin"
Finished building: DroneSTM.list
Finished building: DroneSTM.bin
 
 
