../Core/Src/main.cpp:472:6:void Error_Handler()	8	static,ignoring_inline_asm
../Core/Src/main.cpp:295:6:void SystemClock_Config()	72	static
../Core/Src/main.cpp:74:5:int main()	104	static
../Core/Src/main.cpp:328:6:void HAL_GPIO_EXTI_Callback(uint16_t)	8	static
../Core/Src/main.cpp:489:6:void HAL_UART_RxCpltCallback(UART_HandleTypeDef*)	8	static
../Core/Src/main.cpp:498:6:void HAL_UART_TxCpltCallback(UART_HandleTypeDef*)	0	static
../Core/Src/main.cpp:500:1:cpp)	8	static
../Core/Src/main.cpp:500:1:cpp)	8	static
